// Jest Snapshot v1, https://goo.gl/fbAQLP

exports[`SearchTerms component renders correctly when passed an array containing suggested terms 1`] = `
<div>
  <div
    className="suggested-term-container"
    data-testid="suggested-term-container"
    id="node"
  >
    <p
      id="node"
    >
      node
    </p>
  </div>
  <div
    className="suggested-term-container"
    data-testid="suggested-term-container"
    id="sql"
  >
    <p
      id="sql"
    >
      sql
    </p>
  </div>
</div>
`;

exports[`SearchTerms component renders correctly when passed an empty array 1`] = `<div />`;
