// Jest Snapshot v1, https://goo.gl/fbAQLP

exports[`SearchBox component renders correctly when passed arrays containing suggested terms and search terms 1`] = `
<div
  className="search-container"
>
  <input
    autoComplete="off"
    id="searchInputText"
    name="searchInputText"
    onChange={[Function]}
    onFocus={[Function]}
    type="text"
    value=""
  />
</div>
`;
