// Jest Snapshot v1, https://goo.gl/fbAQLP

exports[`Search component combined search components render correctly with default state 1`] = `
<div>
  <div
    className="dropdown-select"
  >
    <select
      id="location"
      name="location"
      onChange={[Function]}
      value="london"
    >
      <option
        value="London"
      >
        London
      </option>
      <option
        value="South East England"
      >
        South East England
      </option>
      <option
        value="Kent"
      >
        Kent
      </option>
      <option
        value="Essex"
      >
        Essex
      </option>
    </select>
  </div>
  <div
    className="search-container"
  >
    <input
      autoComplete="off"
      id="searchInputText"
      name="searchInputText"
      onChange={[Function]}
      type="text"
      value=""
    />
  </div>
  <div />
  <button
    className="base-button undefined"
    onClick={[Function]}
    type="button"
  >
    Search
  </button>
  <div />
  <div />
</div>
`;
